2026-08-11T17:15:37Z INF Thank you for trying Cloudflare Tunnel. Doing so, without a Cloudflare account, is a quick way to experiment and try it out. However, be aware that these account-less Tunnels have no uptime guarantee, are subject to the Cloudflare Online Services Terms of Use (https://www.cloudflare.com/website-terms/), and Cloudflare reserves the right to investigate your use of Tunnels for violations of such terms. If you intend to use Tunnels in production you should use a pre-created named tunnel by following: https://developers.cloudflare.com/cloudflare-one/connections/connect-apps
2026-08-11T17:15:37Z INF Requesting new quick Tunnel on trycloudflare.com...
2026-08-11T17:15:47Z INF +--------------------------------------------------------------------------------------------+
2026-08-11T17:15:47Z INF |  Your quick Tunnel has been created! Visit it at (it may take some time to be reachable):  |
2026-08-11T17:15:47Z INF |  https://say-downloading-stuffed-freely.trycloudflare.com                                  |
2026-08-11T17:15:47Z INF +--------------------------------------------------------------------------------------------+
2026-08-11T17:15:47Z INF Cannot determine default configuration path. No file [config.yml config.yaml] in [~/.cloudflared ~/.cloudflare-warp ~/cloudflare-warp]
2026-08-11T17:15:47Z INF Version 2026.7.3 (Checksum 8635da433b6df8194746e88ed9d2589566c20e38bfc2a80e431a348b7c765841)
2026-08-11T17:15:47Z INF GOOS: windows, GOVersion: go1.26.4, GoArch: amd64
2026-08-11T17:15:47Z INF Settings: map[ha-connections:1 no-autoupdate:true protocol:quic url:http://127.0.0.1:5000]
2026-08-11T17:15:47Z INF cloudflared will not automatically update on Windows systems.
2026-08-11T17:15:48Z INF Generated Connector ID: 99600a11-f970-4d9e-ad7d-22b6a28fa278
2026-08-11T17:15:48Z INF Initial protocol quic
2026-08-11T17:15:48Z INF ICMP proxy will use 172.20.10.6 as source for IPv4
2026-08-11T17:15:48Z INF ICMP proxy will use 2409:40d5:1037:9f08:306e:6695:3ff0:301e in zone Wi-Fi as source for IPv6
2026-08-11T17:15:48Z INF cloudflared does not support loading the system root certificate pool on Windows. Please use --origin-ca-pool <PATH> to specify the path to the certificate pool
2026-08-11T17:15:48Z INF ICMP proxy will use 172.20.10.6 as source for IPv4
2026-08-11T17:15:48Z INF Tunnel connection curve preferences: [X25519MLKEM768 CurveID(65074) CurveP256] connIndex=0 event=0 ip=2606:4700:a0::6
2026-08-11T17:15:48Z INF ICMP proxy will use 2409:40d5:1037:9f08:306e:6695:3ff0:301e in zone Wi-Fi as source for IPv6
2026-08-11T17:15:48Z INF Starting metrics server on 127.0.0.1:20241/metrics
2026-08-11T17:15:49Z INF Registered tunnel connection connIndex=0 connection=15af3994-5ab2-4b01-a2b7-960b046a8479 event=0 ip=2606:4700:a0::6 location=del02 protocol=quic
2026-08-11T17:15:58Z INF +-----------------------------------------------------------------------------------------------+
2026-08-11T17:15:58Z INF |                                    CONNECTIVITY PRE-CHECKS                                    |
2026-08-11T17:15:58Z INF +-----------------------------------------------------------------------------------------------+
2026-08-11T17:15:58Z INF |  COMPONENT         TARGET                     STATUS  DETAILS                                 |
2026-08-11T17:15:58Z INF |  DNS Resolution    region1.v2.argotunnel.com  PASS    DNS Resolved successfully               |
2026-08-11T17:15:58Z INF |  DNS Resolution    region2.v2.argotunnel.com  PASS    DNS Resolved successfully               |
2026-08-11T17:15:58Z INF |  UDP Connectivity  region1.v2.argotunnel.com  PASS    QUIC connection successful              |
2026-08-11T17:15:58Z INF |  UDP Connectivity  region2.v2.argotunnel.com  FAIL    QUIC connection failed                  |
2026-08-11T17:15:58Z INF |  TCP Connectivity  region1.v2.argotunnel.com  PASS    HTTP/2 connection successful            |
2026-08-11T17:15:58Z INF |  TCP Connectivity  region2.v2.argotunnel.com  PASS    HTTP/2 connection successful            |
2026-08-11T17:15:58Z INF |  Cloudflare API    api.cloudflare.com:443     PASS    API is reachable                        |
2026-08-11T17:15:58Z INF |  WARNING: Allow outbound QUIC traffic on port 7844 or use HTTP2.                              |
2026-08-11T17:15:58Z INF |                                                                                               |
2026-08-11T17:15:58Z INF |  SUMMARY: Environment ready with degraded transport. cloudflared will proceed using 'http2'.  |
2026-08-11T17:15:58Z INF +-----------------------------------------------------------------------------------------------+
2026-08-11T17:15:58Z INF precheck component="DNS Resolution" details="DNS Resolved successfully" run_id=b9817cae-ee58-41e7-bc4f-ccd6083adbce status=pass target=region1.v2.argotunnel.com
2026-08-11T17:15:58Z INF precheck component="DNS Resolution" details="DNS Resolved successfully" run_id=b9817cae-ee58-41e7-bc4f-ccd6083adbce status=pass target=region2.v2.argotunnel.com
2026-08-11T17:15:58Z INF precheck component="UDP Connectivity" details="QUIC connection successful" run_id=b9817cae-ee58-41e7-bc4f-ccd6083adbce status=pass target=region1.v2.argotunnel.com
2026-08-11T17:15:58Z INF precheck component="UDP Connectivity" details="QUIC connection failed" run_id=b9817cae-ee58-41e7-bc4f-ccd6083adbce status=fail target=region2.v2.argotunnel.com
2026-08-11T17:15:58Z INF precheck component="TCP Connectivity" details="HTTP/2 connection successful" run_id=b9817cae-ee58-41e7-bc4f-ccd6083adbce status=pass target=region1.v2.argotunnel.com
2026-08-11T17:15:58Z INF precheck component="TCP Connectivity" details="HTTP/2 connection successful" run_id=b9817cae-ee58-41e7-bc4f-ccd6083adbce status=pass target=region2.v2.argotunnel.com
2026-08-11T17:15:58Z INF precheck component="Cloudflare API" details="API is reachable" run_id=b9817cae-ee58-41e7-bc4f-ccd6083adbce status=pass target=api.cloudflare.com:443
2026-08-11T17:15:58Z INF precheck complete hard_fail=false run_id=b9817cae-ee58-41e7-bc4f-ccd6083adbce suggested_protocol=http2
2026-08-11T17:22:47Z INF Initiating graceful shutdown due to signal terminated ...
2026-08-11T17:22:47Z ERR failed to run the datagram handler error="context canceled" connIndex=0 event=0 ip=2606:4700:a0::6
2026-08-11T17:22:47Z ERR failed to serve tunnel connection error="accept stream listener encountered a failure while serving" connIndex=0 event=0 ip=2606:4700:a0::6
2026-08-11T17:22:47Z ERR Serve tunnel error error="accept stream listener encountered a failure while serving" connIndex=0 event=0 ip=2606:4700:a0::6
2026-08-11T17:22:47Z INF Retrying connection in up to 1s connIndex=0 event=0 ip=2606:4700:a0::6
2026-08-11T17:22:47Z ERR Connection terminated connIndex=0
2026-08-11T17:22:47Z ERR no more connections active and exiting
2026-08-11T17:22:47Z INF Tunnel server stopped
2026-08-11T17:22:47Z INF Metrics server stopped
