2026-09-15T07:06:49Z INF Thank you for trying Cloudflare Tunnel. Doing so, without a Cloudflare account, is a quick way to experiment and try it out. However, be aware that these account-less Tunnels have no uptime guarantee, are subject to the Cloudflare Online Services Terms of Use (https://www.cloudflare.com/website-terms/), and Cloudflare reserves the right to investigate your use of Tunnels for violations of such terms. If you intend to use Tunnels in production you should use a pre-created named tunnel by following: https://developers.cloudflare.com/cloudflare-one/connections/connect-apps
2026-09-15T07:06:49Z INF Requesting new quick Tunnel on trycloudflare.com...
2026-09-15T07:06:57Z INF +--------------------------------------------------------------------------------------------+
2026-09-15T07:06:57Z INF |  Your quick Tunnel has been created! Visit it at (it may take some time to be reachable):  |
2026-09-15T07:06:57Z INF |  https://contributing-meaningful-lean-filme.trycloudflare.com                              |
2026-09-15T07:06:57Z INF +--------------------------------------------------------------------------------------------+
2026-09-15T07:06:57Z INF Cannot determine default configuration path. No file [config.yml config.yaml] in [~/.cloudflared ~/.cloudflare-warp ~/cloudflare-warp]
2026-09-15T07:06:57Z INF Version 2026.7.3 (Checksum 8635da433b6df8194746e88ed9d2589566c20e38bfc2a80e431a348b7c765841)
2026-09-15T07:06:57Z INF GOOS: windows, GOVersion: go1.26.4, GoArch: amd64
2026-09-15T07:06:57Z INF Settings: map[ha-connections:1 no-autoupdate:true p:http2 protocol:http2 url:http://127.0.0.1:5000]
2026-09-15T07:06:57Z INF cloudflared will not automatically update on Windows systems.
2026-09-15T07:06:57Z INF Generated Connector ID: c2aa7759-2184-4519-a8c4-bacdc305440a
2026-09-15T07:06:57Z INF Initial protocol http2
2026-09-15T07:06:57Z INF ICMP proxy will use 172.20.10.6 as source for IPv4
2026-09-15T07:06:57Z INF ICMP proxy will use 2409:40d5:1038:74ea:f94:8fa:20f7:daee in zone Wi-Fi as source for IPv6
2026-09-15T07:06:57Z INF cloudflared does not support loading the system root certificate pool on Windows. Please use --origin-ca-pool <PATH> to specify the path to the certificate pool
2026-09-15T07:06:57Z INF ICMP proxy will use 172.20.10.6 as source for IPv4
2026-09-15T07:06:57Z INF Tunnel connection curve preferences: [X25519MLKEM768 CurveID(65074) CurveP256] connIndex=0 event=0 ip=2606:4700:a8::8
2026-09-15T07:06:57Z INF ICMP proxy will use 2409:40d5:1038:74ea:f94:8fa:20f7:daee in zone Wi-Fi as source for IPv6
2026-09-15T07:06:57Z INF Starting metrics server on 127.0.0.1:20241/metrics
2026-09-15T07:06:59Z INF Registered tunnel connection connIndex=0 connection=8ad6fafa-bf64-4c0a-883e-bc0048d1c01d event=0 ip=2606:4700:a8::8 location=del03 protocol=http2
2026-09-15T07:07:07Z INF +----------------------------------------------------------------------------------------------------+
2026-09-15T07:07:07Z INF |                                      CONNECTIVITY PRE-CHECKS                                       |
2026-09-15T07:07:07Z INF +----------------------------------------------------------------------------------------------------+
2026-09-15T07:07:07Z INF |  COMPONENT         TARGET                     STATUS  DETAILS                                      |
2026-09-15T07:07:07Z INF |  DNS Resolution    region1.v2.argotunnel.com  PASS    DNS Resolved successfully                    |
2026-09-15T07:07:07Z INF |  DNS Resolution    region2.v2.argotunnel.com  PASS    DNS Resolved successfully                    |
2026-09-15T07:07:07Z INF |  UDP Connectivity  region1.v2.argotunnel.com  PASS    QUIC connection successful                   |
2026-09-15T07:07:07Z INF |  UDP Connectivity  region2.v2.argotunnel.com  FAIL    QUIC connection failed                       |
2026-09-15T07:07:07Z INF |  TCP Connectivity  region1.v2.argotunnel.com  PASS    HTTP/2 connection successful                 |
2026-09-15T07:07:07Z INF |  TCP Connectivity  region2.v2.argotunnel.com  FAIL    HTTP/2 connection is blocked or unreachable  |
2026-09-15T07:07:07Z INF |  Cloudflare API    api.cloudflare.com:443     PASS    API is reachable                             |
2026-09-15T07:07:07Z INF |  ERROR: Allow outbound QUIC traffic on port 7844 or use HTTP2.                                     |
2026-09-15T07:07:07Z INF |  ERROR: Allow outbound TCP on port 7844.                                                           |
2026-09-15T07:07:07Z INF |                                                                                                    |
2026-09-15T07:07:07Z INF |  SUMMARY: Environment has critical failures. cloudflared may not be able to establish a tunnel.    |
2026-09-15T07:07:07Z INF +----------------------------------------------------------------------------------------------------+
2026-09-15T07:07:07Z INF precheck component="DNS Resolution" details="DNS Resolved successfully" run_id=3f90059f-e0f7-421c-9755-e5b8b2712168 status=pass target=region1.v2.argotunnel.com
2026-09-15T07:07:07Z INF precheck component="DNS Resolution" details="DNS Resolved successfully" run_id=3f90059f-e0f7-421c-9755-e5b8b2712168 status=pass target=region2.v2.argotunnel.com
2026-09-15T07:07:07Z INF precheck component="UDP Connectivity" details="QUIC connection successful" run_id=3f90059f-e0f7-421c-9755-e5b8b2712168 status=pass target=region1.v2.argotunnel.com
2026-09-15T07:07:07Z INF precheck component="UDP Connectivity" details="QUIC connection failed" run_id=3f90059f-e0f7-421c-9755-e5b8b2712168 status=fail target=region2.v2.argotunnel.com
2026-09-15T07:07:07Z INF precheck component="TCP Connectivity" details="HTTP/2 connection successful" run_id=3f90059f-e0f7-421c-9755-e5b8b2712168 status=pass target=region1.v2.argotunnel.com
2026-09-15T07:07:07Z INF precheck component="TCP Connectivity" details="HTTP/2 connection is blocked or unreachable" run_id=3f90059f-e0f7-421c-9755-e5b8b2712168 status=fail target=region2.v2.argotunnel.com
2026-09-15T07:07:07Z INF precheck component="Cloudflare API" details="API is reachable" run_id=3f90059f-e0f7-421c-9755-e5b8b2712168 status=pass target=api.cloudflare.com:443
2026-09-15T07:07:07Z INF precheck complete hard_fail=true run_id=3f90059f-e0f7-421c-9755-e5b8b2712168
2026-09-15T07:09:05Z INF Initiating graceful shutdown due to signal terminated ...
2026-09-15T07:09:06Z INF Unregistered tunnel connection connIndex=0 event=0 ip=2606:4700:a8::8
2026-09-15T07:09:06Z INF Retrying connection in up to 1s connIndex=0 event=0 ip=2606:4700:a8::8
2026-09-15T07:09:06Z ERR Connection terminated connIndex=0
2026-09-15T07:09:06Z ERR no more connections active and exiting
2026-09-15T07:09:06Z INF Tunnel server stopped
2026-09-15T07:09:06Z INF Metrics server stopped
